Archive member included to satisfy reference by file (symbol)

c:/program files (x86)/atmel/studio/7.0/toolchain/avr8/avr8-gnu-toolchain/bin/../lib/gcc/avr/4.9.2/avr5\libgcc.a(_udivmodhi4.o)
                              inc/i2c.o (__udivmodhi4)
c:/program files (x86)/atmel/studio/7.0/toolchain/avr8/avr8-gnu-toolchain/bin/../lib/gcc/avr/4.9.2/avr5\libgcc.a(_exit.o)
                              C:/Program Files (x86)/Atmel/Studio/7.0/Packs/atmel/ATmega_DFP/1.0.90/gcc/dev/atmega644p/avr5/crtatmega644p.o (exit)
c:/program files (x86)/atmel/studio/7.0/toolchain/avr8/avr8-gnu-toolchain/bin/../lib/gcc/avr/4.9.2/avr5\libgcc.a(_tablejump2.o)
                              inc/i2c.o (__tablejump2__)
c:/program files (x86)/atmel/studio/7.0/toolchain/avr8/avr8-gnu-toolchain/bin/../lib/gcc/avr/4.9.2/avr5\libgcc.a(_clear_bss.o)
                              inc/adc.o (__do_clear_bss)
C:/Program Files (x86)/Atmel/Studio/7.0/Packs/atmel/ATmega_DFP/1.0.90/gcc/dev/atmega644p/avr5\libatmega644p.a(eerd_block.o)
                              inc/Tribus.o (eeprom_read_block)
C:/Program Files (x86)/Atmel/Studio/7.0/Packs/atmel/ATmega_DFP/1.0.90/gcc/dev/atmega644p/avr5\libatmega644p.a(eeupd_byte.o)
                              inc/Tribus.o (eeprom_update_byte)
C:/Program Files (x86)/Atmel/Studio/7.0/Packs/atmel/ATmega_DFP/1.0.90/gcc/dev/atmega644p/avr5\libatmega644p.a(eewr_block.o)
                              inc/Tribus.o (eeprom_write_block)
C:/Program Files (x86)/Atmel/Studio/7.0/Packs/atmel/ATmega_DFP/1.0.90/gcc/dev/atmega644p/avr5\libatmega644p.a(eewr_byte.o)
                              C:/Program Files (x86)/Atmel/Studio/7.0/Packs/atmel/ATmega_DFP/1.0.90/gcc/dev/atmega644p/avr5\libatmega644p.a(eewr_block.o) (eeprom_write_r18)

Allocating common symbols
Common symbol       size              file

ext_buffer          0xa               inc/extBus.o
pp_buf_dev          0x9               inc/packet_processor.o
uart1_buf_tx        0x9               inc/uart_tri_1.o
uart0_buf_tx        0x9               inc/uart_tri_0.o
debug_buf           0x9               inc/module_ZM.o
uart1_buf_pac_tx    0x90              inc/uart_tri_1.o
dbg                 0x1               inc/extBus.o
uart0_buf_pac_rx    0x120             inc/uart_tri_0.o
TB_out              0x1               inc/Tribus.o
TB_param            0x1d              inc/Tribus.o
TB_Value            0x4               inc/Tribus.o
TB_bufOut           0x9               inc/Tribus.o
uart2_buf_pac_rx    0x9               inc/extBus.o
TB_gbparam          0x5               inc/Tribus.o
uart1_buf_pac_rx    0x90              inc/uart_tri_1.o
TB_inp              0x1               inc/Tribus.o
uart0_buf_rx        0x80              inc/uart_tri_0.o
adc_data            0x2               inc/adc.o
pp_f_fromdev        0x1               inc/packet_processor.o
uart2_buf_tx        0x9               inc/extBus.o
TB_AddrModule       0x1               inc/Tribus.o
TB_bufIn            0x9               inc/Tribus.o
uart0_buf_pac_tx    0x120             inc/uart_tri_0.o
pp_buf_pc           0x9               inc/packet_processor.o
addr_setting_in_eeprom
                    0x2               inc/Tribus.o
pp_f_frompc         0x1               inc/packet_processor.o
TB_AddrReply        0x1               inc/Tribus.o
uart2_buf_rx        0x20              inc/extBus.o
uart2_buf_pac_tx    0x90              inc/extBus.o
uart1_buf_rx        0x20              inc/uart_tri_1.o

Discarded input sections

 .data          0x00000000        0x0 C:/Program Files (x86)/Atmel/Studio/7.0/Packs/atmel/ATmega_DFP/1.0.90/gcc/dev/atmega644p/avr5/crtatmega644p.o
 .bss           0x00000000        0x0 C:/Program Files (x86)/Atmel/Studio/7.0/Packs/atmel/ATmega_DFP/1.0.90/gcc/dev/atmega644p/avr5/crtatmega644p.o
 .text          0x00000000        0x0 inc/adc.o
 .data          0x00000000        0x0 inc/adc.o
 .bss           0x00000000        0x0 inc/adc.o
 .text.adc_on   0x00000000        0x2 inc/adc.o
 .text.adc_off  0x00000000        0x2 inc/adc.o
 .text          0x00000000        0x0 inc/extBus.o
 .data          0x00000000        0x0 inc/extBus.o
 .bss           0x00000000        0x0 inc/extBus.o
 .text.uart2_get_char
                0x00000000       0x18 inc/extBus.o
 .text.uart2_receive_char
                0x00000000       0x18 inc/extBus.o
 .text.uart2_send_char
                0x00000000       0x16 inc/extBus.o
 .text.uart2_send_packet
                0x00000000       0x42 inc/extBus.o
 .text.uart2_receive_packet_query
                0x00000000       0x5e inc/extBus.o
 .text.uart2_receive_packet
                0x00000000      0x124 inc/extBus.o
 .text.uart2_process
                0x00000000       0xb0 inc/extBus.o
 .text.uart2_ISR_timer
                0x00000000       0x4e inc/extBus.o
 .bss.ISR_prescaler.1833
                0x00000000        0x1 inc/extBus.o
 .bss.ext_pending_data
                0x00000000        0x1 inc/extBus.o
 .bss.uart2_tx_timeout
                0x00000000        0x1 inc/extBus.o
 .bss.uart2_rx_timeout
                0x00000000        0x1 inc/extBus.o
 .bss.uart2_buf_pac_ptr_b
                0x00000000        0x1 inc/extBus.o
 .bss.uart2_buf_tx_ptr
                0x00000000        0x1 inc/extBus.o
 .bss.uart2_buf_rx_ptr_e
                0x00000000        0x1 inc/extBus.o
 .bss.uart2_buf_rx_ptr_b
                0x00000000        0x1 inc/extBus.o
 .text          0x00000000        0x0 inc/i2c.o
 .data          0x00000000        0x0 inc/i2c.o
 .bss           0x00000000        0x0 inc/i2c.o
 .text.i2cSetLocalDeviceAddr
                0x00000000       0x16 inc/i2c.o
 .text.i2cSetSlaveReceiveHandler
                0x00000000        0xa inc/i2c.o
 .text.i2cSetSlaveTransmitHandler
                0x00000000        0xa inc/i2c.o
 .text.i2cSendStart
                0x00000000        0xe inc/i2c.o
 .text.i2cSendStop
                0x00000000        0xe inc/i2c.o
 .text.i2cWaitForComplete
                0x00000000        0xc inc/i2c.o
 .text.i2cSendByte
                0x00000000       0x12 inc/i2c.o
 .text.i2cReceiveByte
                0x00000000       0x20 inc/i2c.o
 .text.i2cGetReceivedByte
                0x00000000        0x6 inc/i2c.o
 .text.i2cGetStatus
                0x00000000        0x6 inc/i2c.o
 .text.i2cMasterSend
                0x00000000       0x4e inc/i2c.o
 .text.i2cMasterReceive
                0x00000000       0x54 inc/i2c.o
 .text.i2cMasterSendNI
                0x00000000       0x8e inc/i2c.o
 .text.i2cMasterReceiveNI
                0x00000000       0xa8 inc/i2c.o
 .text.i2cGetState
                0x00000000        0x6 inc/i2c.o
 .text.i2cGetLastError
                0x00000000        0x6 inc/i2c.o
 .text          0x00000000        0x0 inc/module_ZM.o
 .data          0x00000000        0x0 inc/module_ZM.o
 .bss           0x00000000        0x0 inc/module_ZM.o
 .text          0x00000000        0x0 inc/packet_processor.o
 .data          0x00000000        0x0 inc/packet_processor.o
 .bss           0x00000000        0x0 inc/packet_processor.o
 .text          0x00000000        0x0 inc/timer.o
 .data          0x00000000        0x0 inc/timer.o
 .bss           0x00000000        0x0 inc/timer.o
 .text          0x00000000        0x0 inc/Tribus.o
 .data          0x00000000        0x0 inc/Tribus.o
 .bss           0x00000000        0x0 inc/Tribus.o
 .text.TB_Send  0x00000000        0x8 inc/Tribus.o
 .text          0x00000000        0x0 inc/uart_tri_0.o
 .data          0x00000000        0x0 inc/uart_tri_0.o
 .bss           0x00000000        0x0 inc/uart_tri_0.o
 .text.uart0_set_baud
                0x00000000       0x70 inc/uart_tri_0.o
 .progmem.gcc_sw_table.uart0_set_baud
                0x00000000       0x16 inc/uart_tri_0.o
 .text          0x00000000        0x0 inc/uart_tri_1.o
 .data          0x00000000        0x0 inc/uart_tri_1.o
 .bss           0x00000000        0x0 inc/uart_tri_1.o
 .text          0x00000000        0x0 LIC_ZM.o
 .data          0x00000000        0x0 LIC_ZM.o
 .bss           0x00000000        0x0 LIC_ZM.o
 .bss.Dtime     0x00000000        0x1 LIC_ZM.o
 .text          0x00000000        0x0 c:/program files (x86)/atmel/studio/7.0/toolchain/avr8/avr8-gnu-toolchain/bin/../lib/gcc/avr/4.9.2/avr5\libgcc.a(_udivmodhi4.o)
 .data          0x00000000        0x0 c:/program files (x86)/atmel/studio/7.0/toolchain/avr8/avr8-gnu-toolchain/bin/../lib/gcc/avr/4.9.2/avr5\libgcc.a(_udivmodhi4.o)
 .bss           0x00000000        0x0 c:/program files (x86)/atmel/studio/7.0/toolchain/avr8/avr8-gnu-toolchain/bin/../lib/gcc/avr/4.9.2/avr5\libgcc.a(_udivmodhi4.o)
 .text.libgcc.mul
                0x00000000        0x0 c:/program files (x86)/atmel/studio/7.0/toolchain/avr8/avr8-gnu-toolchain/bin/../lib/gcc/avr/4.9.2/avr5\libgcc.a(_udivmodhi4.o)
 .text.libgcc   0x00000000        0x0 c:/program files (x86)/atmel/studio/7.0/toolchain/avr8/avr8-gnu-toolchain/bin/../lib/gcc/avr/4.9.2/avr5\libgcc.a(_udivmodhi4.o)
 .text.libgcc.prologue
                0x00000000        0x0 c:/program files (x86)/atmel/studio/7.0/toolchain/avr8/avr8-gnu-toolchain/bin/../lib/gcc/avr/4.9.2/avr5\libgcc.a(_udivmodhi4.o)
 .text.libgcc.builtins
                0x00000000        0x0 c:/program files (x86)/atmel/studio/7.0/toolchain/avr8/avr8-gnu-toolchain/bin/../lib/gcc/avr/4.9.2/avr5\libgcc.a(_udivmodhi4.o)
 .text.libgcc.fmul
                0x00000000        0x0 c:/program files (x86)/atmel/studio/7.0/toolchain/avr8/avr8-gnu-toolchain/bin/../lib/gcc/avr/4.9.2/avr5\libgcc.a(_udivmodhi4.o)
 .text.libgcc.fixed
                0x00000000        0x0 c:/program files (x86)/atmel/studio/7.0/toolchain/avr8/avr8-gnu-toolchain/bin/../lib/gcc/avr/4.9.2/avr5\libgcc.a(_udivmodhi4.o)
 .text          0x00000000        0x0 c:/program files (x86)/atmel/studio/7.0/toolchain/avr8/avr8-gnu-toolchain/bin/../lib/gcc/avr/4.9.2/avr5\libgcc.a(_exit.o)
 .data          0x00000000        0x0 c:/program files (x86)/atmel/studio/7.0/toolchain/avr8/avr8-gnu-toolchain/bin/../lib/gcc/avr/4.9.2/avr5\libgcc.a(_exit.o)
 .bss           0x00000000        0x0 c:/program files (x86)/atmel/studio/7.0/toolchain/avr8/avr8-gnu-toolchain/bin/../lib/gcc/avr/4.9.2/avr5\libgcc.a(_exit.o)
 .text.libgcc.mul
                0x00000000        0x0 c:/program files (x86)/atmel/studio/7.0/toolchain/avr8/avr8-gnu-toolchain/bin/../lib/gcc/avr/4.9.2/avr5\libgcc.a(_exit.o)
 .text.libgcc.div
                0x00000000        0x0 c:/program files (x86)/atmel/studio/7.0/toolchain/avr8/avr8-gnu-toolchain/bin/../lib/gcc/avr/4.9.2/avr5\libgcc.a(_exit.o)
 .text.libgcc   0x00000000        0x0 c:/program files (x86)/atmel/studio/7.0/toolchain/avr8/avr8-gnu-toolchain/bin/../lib/gcc/avr/4.9.2/avr5\libgcc.a(_exit.o)
 .text.libgcc.prologue
                0x00000000        0x0 c:/program files (x86)/atmel/studio/7.0/toolchain/avr8/avr8-gnu-toolchain/bin/../lib/gcc/avr/4.9.2/avr5\libgcc.a(_exit.o)
 .text.libgcc.builtins
                0x00000000        0x0 c:/program files (x86)/atmel/studio/7.0/toolchain/avr8/avr8-gnu-toolchain/bin/../lib/gcc/avr/4.9.2/avr5\libgcc.a(_exit.o)
 .text.libgcc.fmul
                0x00000000        0x0 c:/program files (x86)/atmel/studio/7.0/toolchain/avr8/avr8-gnu-toolchain/bin/../lib/gcc/avr/4.9.2/avr5\libgcc.a(_exit.o)
 .text.libgcc.fixed
                0x00000000        0x0 c:/program files (x86)/atmel/studio/7.0/toolchain/avr8/avr8-gnu-toolchain/bin/../lib/gcc/avr/4.9.2/avr5\libgcc.a(_exit.o)
 .text          0x00000000        0x0 c:/program files (x86)/atmel/studio/7.0/toolchain/avr8/avr8-gnu-toolchain/bin/../lib/gcc/avr/4.9.2/avr5\libgcc.a(_tablejump2.o)
 .data          0x00000000        0x0 c:/program files (x86)/atmel/studio/7.0/toolchain/avr8/avr8-gnu-toolchain/bin/../lib/gcc/avr/4.9.2/avr5\libgcc.a(_tablejump2.o)
 .bss           0x00000000        0x0 c:/program files (x86)/atmel/studio/7.0/toolchain/avr8/avr8-gnu-toolchain/bin/../lib/gcc/avr/4.9.2/avr5\libgcc.a(_tablejump2.o)
 .text.libgcc.mul
                0x00000000        0x0 c:/program files (x86)/atmel/studio/7.0/toolchain/avr8/avr8-gnu-toolchain/bin/../lib/gcc/avr/4.9.2/avr5\libgcc.a(_tablejump2.o)
 .text.libgcc.div
                0x00000000        0x0 c:/program files (x86)/atmel/studio/7.0/toolchain/avr8/avr8-gnu-toolchain/bin/../lib/gcc/avr/4.9.2/avr5\libgcc.a(_tablejump2.o)
 .text.libgcc.prologue
                0x00000000        0x0 c:/program files (x86)/atmel/studio/7.0/toolchain/avr8/avr8-gnu-toolchain/bin/../lib/gcc/avr/4.9.2/avr5\libgcc.a(_tablejump2.o)
 .text.libgcc.builtins
                0x00000000        0x0 c:/program files (x86)/atmel/studio/7.0/toolchain/avr8/avr8-gnu-toolchain/bin/../lib/gcc/avr/4.9.2/avr5\libgcc.a(_tablejump2.o)
 .text.libgcc.fmul
                0x00000000        0x0 c:/program files (x86)/atmel/studio/7.0/toolchain/avr8/avr8-gnu-toolchain/bin/../lib/gcc/avr/4.9.2/avr5\libgcc.a(_tablejump2.o)
 .text.libgcc.fixed
                0x00000000        0x0 c:/program files (x86)/atmel/studio/7.0/toolchain/avr8/avr8-gnu-toolchain/bin/../lib/gcc/avr/4.9.2/avr5\libgcc.a(_tablejump2.o)
 .text          0x00000000        0x0 c:/program files (x86)/atmel/studio/7.0/toolchain/avr8/avr8-gnu-toolchain/bin/../lib/gcc/avr/4.9.2/avr5\libgcc.a(_clear_bss.o)
 .data          0x00000000        0x0 c:/program files (x86)/atmel/studio/7.0/toolchain/avr8/avr8-gnu-toolchain/bin/../lib/gcc/avr/4.9.2/avr5\libgcc.a(_clear_bss.o)
 .bss           0x00000000        0x0 c:/program files (x86)/atmel/studio/7.0/toolchain/avr8/avr8-gnu-toolchain/bin/../lib/gcc/avr/4.9.2/avr5\libgcc.a(_clear_bss.o)
 .text.libgcc.mul
                0x00000000        0x0 c:/program files (x86)/atmel/studio/7.0/toolchain/avr8/avr8-gnu-toolchain/bin/../lib/gcc/avr/4.9.2/avr5\libgcc.a(_clear_bss.o)
 .text.libgcc.div
                0x00000000        0x0 c:/program files (x86)/atmel/studio/7.0/toolchain/avr8/avr8-gnu-toolchain/bin/../lib/gcc/avr/4.9.2/avr5\libgcc.a(_clear_bss.o)
 .text.libgcc   0x00000000        0x0 c:/program files (x86)/atmel/studio/7.0/toolchain/avr8/avr8-gnu-toolchain/bin/../lib/gcc/avr/4.9.2/avr5\libgcc.a(_clear_bss.o)
 .text.libgcc.prologue
                0x00000000        0x0 c:/program files (x86)/atmel/studio/7.0/toolchain/avr8/avr8-gnu-toolchain/bin/../lib/gcc/avr/4.9.2/avr5\libgcc.a(_clear_bss.o)
 .text.libgcc.builtins
                0x00000000        0x0 c:/program files (x86)/atmel/studio/7.0/toolchain/avr8/avr8-gnu-toolchain/bin/../lib/gcc/avr/4.9.2/avr5\libgcc.a(_clear_bss.o)
 .text.libgcc.fmul
                0x00000000        0x0 c:/program files (x86)/atmel/studio/7.0/toolchain/avr8/avr8-gnu-toolchain/bin/../lib/gcc/avr/4.9.2/avr5\libgcc.a(_clear_bss.o)
 .text.libgcc.fixed
                0x00000000        0x0 c:/program files (x86)/atmel/studio/7.0/toolchain/avr8/avr8-gnu-toolchain/bin/../lib/gcc/avr/4.9.2/avr5\libgcc.a(_clear_bss.o)
 .text          0x00000000        0x0 C:/Program Files (x86)/Atmel/Studio/7.0/Packs/atmel/ATmega_DFP/1.0.90/gcc/dev/atmega644p/avr5\libatmega644p.a(eerd_block.o)
 .data          0x00000000        0x0 C:/Program Files (x86)/Atmel/Studio/7.0/Packs/atmel/ATmega_DFP/1.0.90/gcc/dev/atmega644p/avr5\libatmega644p.a(eerd_block.o)
 .bss           0x00000000        0x0 C:/Program Files (x86)/Atmel/Studio/7.0/Packs/atmel/ATmega_DFP/1.0.90/gcc/dev/atmega644p/avr5\libatmega644p.a(eerd_block.o)
 .text          0x00000000        0x0 C:/Program Files (x86)/Atmel/Studio/7.0/Packs/atmel/ATmega_DFP/1.0.90/gcc/dev/atmega644p/avr5\libatmega644p.a(eeupd_byte.o)
 .data          0x00000000        0x0 C:/Program Files (x86)/Atmel/Studio/7.0/Packs/atmel/ATmega_DFP/1.0.90/gcc/dev/atmega644p/avr5\libatmega644p.a(eeupd_byte.o)
 .bss           0x00000000        0x0 C:/Program Files (x86)/Atmel/Studio/7.0/Packs/atmel/ATmega_DFP/1.0.90/gcc/dev/atmega644p/avr5\libatmega644p.a(eeupd_byte.o)
 .text          0x00000000        0x0 C:/Program Files (x86)/Atmel/Studio/7.0/Packs/atmel/ATmega_DFP/1.0.90/gcc/dev/atmega644p/avr5\libatmega644p.a(eewr_block.o)
 .data          0x00000000        0x0 C:/Program Files (x86)/Atmel/Studio/7.0/Packs/atmel/ATmega_DFP/1.0.90/gcc/dev/atmega644p/avr5\libatmega644p.a(eewr_block.o)
 .bss           0x00000000        0x0 C:/Program Files (x86)/Atmel/Studio/7.0/Packs/atmel/ATmega_DFP/1.0.90/gcc/dev/atmega644p/avr5\libatmega644p.a(eewr_block.o)
 .text          0x00000000        0x0 C:/Program Files (x86)/Atmel/Studio/7.0/Packs/atmel/ATmega_DFP/1.0.90/gcc/dev/atmega644p/avr5\libatmega644p.a(eewr_byte.o)
 .data          0x00000000        0x0 C:/Program Files (x86)/Atmel/Studio/7.0/Packs/atmel/ATmega_DFP/1.0.90/gcc/dev/atmega644p/avr5\libatmega644p.a(eewr_byte.o)
 .bss           0x00000000        0x0 C:/Program Files (x86)/Atmel/Studio/7.0/Packs/atmel/ATmega_DFP/1.0.90/gcc/dev/atmega644p/avr5\libatmega644p.a(eewr_byte.o)

Memory Configuration

Name             Origin             Length             Attributes
text             0x00000000         0x00020000         xr
data             0x00800060         0x0000ffa0         rw !x
eeprom           0x00810000         0x00010000         rw !x
fuse             0x00820000         0x00000400         rw !x
lock             0x00830000         0x00000400         rw !x
signature        0x00840000         0x00000400         rw !x
user_signatures  0x00850000         0x00000400         rw !x
*default*        0x00000000         0xffffffff

Linker script and memory map

Address of section .data set to 0x800100
LOAD C:/Program Files (x86)/Atmel/Studio/7.0/Packs/atmel/ATmega_DFP/1.0.90/gcc/dev/atmega644p/avr5/crtatmega644p.o
LOAD inc/adc.o
LOAD inc/extBus.o
LOAD inc/i2c.o
LOAD inc/module_ZM.o
LOAD inc/packet_processor.o
LOAD inc/timer.o
LOAD inc/Tribus.o
LOAD inc/uart_tri_0.o
LOAD inc/uart_tri_1.o
LOAD LIC_ZM.o
START GROUP
LOAD c:/program files (x86)/atmel/studio/7.0/toolchain/avr8/avr8-gnu-toolchain/bin/../lib/gcc/avr/4.9.2/../../../../avr/lib/avr5\libm.a
END GROUP
START GROUP
LOAD c:/program files (x86)/atmel/studio/7.0/toolchain/avr8/avr8-gnu-toolchain/bin/../lib/gcc/avr/4.9.2/avr5\libgcc.a
LOAD c:/program files (x86)/atmel/studio/7.0/toolchain/avr8/avr8-gnu-toolchain/bin/../lib/gcc/avr/4.9.2/../../../../avr/lib/avr5\libm.a
LOAD c:/program files (x86)/atmel/studio/7.0/toolchain/avr8/avr8-gnu-toolchain/bin/../lib/gcc/avr/4.9.2/../../../../avr/lib/avr5\libc.a
LOAD C:/Program Files (x86)/Atmel/Studio/7.0/Packs/atmel/ATmega_DFP/1.0.90/gcc/dev/atmega644p/avr5\libatmega644p.a
END GROUP

.hash
 *(.hash)

.dynsym
 *(.dynsym)

.dynstr
 *(.dynstr)

.gnu.version
 *(.gnu.version)

.gnu.version_d
 *(.gnu.version_d)

.gnu.version_r
 *(.gnu.version_r)

.rel.init
 *(.rel.init)

.rela.init
 *(.rela.init)

.rel.text
 *(.rel.text)
 *(.rel.text.*)
 *(.rel.gnu.linkonce.t*)

.rela.text
 *(.rela.text)
 *(.rela.text.*)
 *(.rela.gnu.linkonce.t*)

.rel.fini
 *(.rel.fini)

.rela.fini
 *(.rela.fini)

.rel.rodata
 *(.rel.rodata)
 *(.rel.rodata.*)
 *(.rel.gnu.linkonce.r*)

.rela.rodata
 *(.rela.rodata)
 *(.rela.rodata.*)
 *(.rela.gnu.linkonce.r*)

.rel.data
 *(.rel.data)
 *(.rel.data.*)
 *(.rel.gnu.linkonce.d*)

.rela.data
 *(.rela.data)
 *(.rela.data.*)
 *(.rela.gnu.linkonce.d*)

.rel.ctors
 *(.rel.ctors)

.rela.ctors
 *(.rela.ctors)

.rel.dtors
 *(.rel.dtors)

.rela.dtors
 *(.rela.dtors)

.rel.got
 *(.rel.got)

.rela.got
 *(.rela.got)

.rel.bss
 *(.rel.bss)

.rela.bss
 *(.rela.bss)

.rel.plt
 *(.rel.plt)

.rela.plt
 *(.rela.plt)

.text           0x00000000     0x192c
 *(.vectors)
 .vectors       0x00000000       0x7c C:/Program Files (x86)/Atmel/Studio/7.0/Packs/atmel/ATmega_DFP/1.0.90/gcc/dev/atmega644p/avr5/crtatmega644p.o
                0x00000000                __vector_default
                0x00000000                __vectors
 *(.vectors)
 *(.progmem.gcc*)
 .progmem.gcc_sw_table.__vector_26
                0x0000007c      0x1f2 inc/i2c.o
 .progmem.gcc_sw_table.uart1_set_baud
                0x0000026e       0x16 inc/uart_tri_1.o
                0x00000284                . = ALIGN (0x2)
                0x00000284                __trampolines_start = .
 *(.trampolines)
 .trampolines   0x00000284        0x0 linker stubs
 *(.trampolines*)
                0x00000284                __trampolines_end = .
 *(.progmem*)
                0x00000284                . = ALIGN (0x2)
 *(.jumptables)
 *(.jumptables*)
 *(.lowtext)
 *(.lowtext*)
                0x00000284                __ctors_start = .
 *(.ctors)
                0x00000284                __ctors_end = .
                0x00000284                __dtors_start = .
 *(.dtors)
                0x00000284                __dtors_end = .
 SORT(*)(.ctors)
 SORT(*)(.dtors)
 *(.init0)
 .init0         0x00000284        0x0 C:/Program Files (x86)/Atmel/Studio/7.0/Packs/atmel/ATmega_DFP/1.0.90/gcc/dev/atmega644p/avr5/crtatmega644p.o
                0x00000284                __init
 *(.init0)
 *(.init1)
 *(.init1)
 *(.init2)
 .init2         0x00000284        0xc C:/Program Files (x86)/Atmel/Studio/7.0/Packs/atmel/ATmega_DFP/1.0.90/gcc/dev/atmega644p/avr5/crtatmega644p.o
 *(.init2)
 *(.init3)
 *(.init3)
 *(.init4)
 .init4         0x00000290       0x10 c:/program files (x86)/atmel/studio/7.0/toolchain/avr8/avr8-gnu-toolchain/bin/../lib/gcc/avr/4.9.2/avr5\libgcc.a(_clear_bss.o)
                0x00000290                __do_clear_bss
 *(.init4)
 *(.init5)
 *(.init5)
 *(.init6)
 *(.init6)
 *(.init7)
 *(.init7)
 *(.init8)
 *(.init8)
 *(.init9)
 .init9         0x000002a0        0x8 C:/Program Files (x86)/Atmel/Studio/7.0/Packs/atmel/ATmega_DFP/1.0.90/gcc/dev/atmega644p/avr5/crtatmega644p.o
 *(.init9)
 *(.text)
 .text          0x000002a8        0x4 C:/Program Files (x86)/Atmel/Studio/7.0/Packs/atmel/ATmega_DFP/1.0.90/gcc/dev/atmega644p/avr5/crtatmega644p.o
                0x000002a8                __vector_1
                0x000002a8                __vector_24
                0x000002a8                __vector_12
                0x000002a8                __bad_interrupt
                0x000002a8                __vector_6
                0x000002a8                __vector_3
                0x000002a8                __vector_23
                0x000002a8                __vector_25
                0x000002a8                __vector_11
                0x000002a8                __vector_13
                0x000002a8                __vector_19
                0x000002a8                __vector_7
                0x000002a8                __vector_27
                0x000002a8                __vector_5
                0x000002a8                __vector_4
                0x000002a8                __vector_9
                0x000002a8                __vector_2
                0x000002a8                __vector_21
                0x000002a8                __vector_15
                0x000002a8                __vector_29
                0x000002a8                __vector_8
                0x000002a8                __vector_14
                0x000002a8                __vector_10
                0x000002ac                . = ALIGN (0x2)
 *(.text.*)
 .text.adc_init
                0x000002ac       0x1e inc/adc.o
                0x000002ac                adc_init
 .text.adc_read
                0x000002ca       0x26 inc/adc.o
                0x000002ca                adc_read
 .text.uart2_get_data
                0x000002f0        0x6 inc/extBus.o
                0x000002f0                uart2_get_data
 .text.uart2_put_data
                0x000002f6       0x64 inc/extBus.o
                0x000002f6                uart2_put_data
 .text.uart2_init
                0x0000035a        0xa inc/extBus.o
                0x0000035a                uart2_init
 .text.i2cSetBitrate
                0x00000364       0x38 inc/i2c.o
                0x00000364                i2cSetBitrate
 .text.i2cInit  0x0000039c       0x28 inc/i2c.o
                0x0000039c                i2cInit
 .text.__vector_26
                0x000003c4      0x27e inc/i2c.o
                0x000003c4                __vector_26
 .text.Ddebug   0x00000642       0x30 inc/module_ZM.o
                0x00000642                Ddebug
 .text.modzm_parse
                0x00000672       0xa2 inc/module_ZM.o
                0x00000672                modzm_parse
 .text.pp_processRequests
                0x00000714       0x48 inc/packet_processor.o
                0x00000714                pp_processRequests
 .text.pp_SendResponses
                0x0000075c       0x16 inc/packet_processor.o
                0x0000075c                pp_SendResponses
 .text.pp_receive_PC
                0x00000772       0x3e inc/packet_processor.o
                0x00000772                pp_receive_PC
 .text.pp_receive_own
                0x000007b0       0x32 inc/packet_processor.o
                0x000007b0                pp_receive_own
 .text.pp_receive_int
                0x000007e2       0x5a inc/packet_processor.o
                0x000007e2                pp_receive_int
 .text.pp_receive_ext
                0x0000083c       0x4c inc/packet_processor.o
                0x0000083c                pp_receive_ext
 .text.pp_init  0x00000888        0xa inc/packet_processor.o
                0x00000888                pp_init
 .text.pp_loop  0x00000892       0x1a inc/packet_processor.o
                0x00000892                pp_loop
 .text.timer_init
                0x000008ac       0x1c inc/timer.o
                0x000008ac                timer_init
 .text.TB_calcSum
                0x000008c8       0x1a inc/Tribus.o
                0x000008c8                TB_calcSum
 .text.TB_Init  0x000008e2       0x68 inc/Tribus.o
                0x000008e2                TB_Init
 .text.TB_SendAck
                0x0000094a       0x2c inc/Tribus.o
                0x0000094a                TB_SendAck
 .text.TB_Decode
                0x00000976      0x5b8 inc/Tribus.o
                0x00000976                TB_Decode
 .text.TB_SendAckOK
                0x00000f2e        0xe inc/Tribus.o
                0x00000f2e                TB_SendAckOK
 .text.uart_get_char
                0x00000f3c       0x18 inc/uart_tri_0.o
                0x00000f3c                uart_get_char
 .text.uart_receive_char
                0x00000f54       0x18 inc/uart_tri_0.o
                0x00000f54                uart_receive_char
 .text.uart_send_char
                0x00000f6c       0x16 inc/uart_tri_0.o
                0x00000f6c                uart_send_char
 .text.uart_send
                0x00000f82       0x20 inc/uart_tri_0.o
                0x00000f82                uart_send
 .text.uart_interrupt_rx
                0x00000fa2       0x1c inc/uart_tri_0.o
                0x00000fa2                uart_interrupt_rx
 .text.uart_interrupt_tx
                0x00000fbe       0x1c inc/uart_tri_0.o
                0x00000fbe                uart_interrupt_tx
 .text.__vector_20
                0x00000fda       0x60 inc/uart_tri_0.o
                0x00000fda                __vector_20
 .text.__vector_22
                0x0000103a       0x68 inc/uart_tri_0.o
                0x0000103a                __vector_22
 .text.uart0_init
                0x000010a2       0x22 inc/uart_tri_0.o
                0x000010a2                uart0_init
 .text.uart0_process
                0x000010c4      0x12e inc/uart_tri_0.o
                0x000010c4                uart0_process
 .text.uart0_ISR_timer
                0x000011f2       0x30 inc/uart_tri_0.o
                0x000011f2                uart0_ISR_timer
 .text.uart0_get_data_begin
                0x00001222       0x22 inc/uart_tri_0.o
                0x00001222                uart0_get_data_begin
 .text.uart0_get_data_end
                0x00001244       0x22 inc/uart_tri_0.o
                0x00001244                uart0_get_data_end
 .text.uart0_put_data
                0x00001266       0x4e inc/uart_tri_0.o
                0x00001266                uart0_put_data
 .text.uart1_get_char
                0x000012b4       0x32 inc/uart_tri_1.o
                0x000012b4                uart1_get_char
 .text.uart1_receive_char
                0x000012e6       0x3e inc/uart_tri_1.o
                0x000012e6                uart1_receive_char
 .text.uart1_send_char
                0x00001324       0x2e inc/uart_tri_1.o
                0x00001324                uart1_send_char
 .text.uart1_send
                0x00001352       0x2c inc/uart_tri_1.o
                0x00001352                uart1_send
 .text.uart1_interrupt_rx
                0x0000137e       0x1c inc/uart_tri_1.o
                0x0000137e                uart1_interrupt_rx
 .text.uart1_interrupt_tx
                0x0000139a       0x1c inc/uart_tri_1.o
                0x0000139a                uart1_interrupt_tx
 .text.__vector_28
                0x000013b6       0x60 inc/uart_tri_1.o
                0x000013b6                __vector_28
 .text.__vector_30
                0x00001416       0x84 inc/uart_tri_1.o
                0x00001416                __vector_30
 .text.uart1_init
                0x0000149a       0x22 inc/uart_tri_1.o
                0x0000149a                uart1_init
 .text.uart1_process
                0x000014bc      0x160 inc/uart_tri_1.o
                0x000014bc                uart1_process
 .text.uart1_ISR_timer
                0x0000161c       0x42 inc/uart_tri_1.o
                0x0000161c                uart1_ISR_timer
 .text.uart1_get_data_begin
                0x0000165e       0x3a inc/uart_tri_1.o
                0x0000165e                uart1_get_data_begin
 .text.uart1_get_data_end
                0x00001698       0x22 inc/uart_tri_1.o
                0x00001698                uart1_get_data_end
 .text.uart1_put_data
                0x000016ba       0x88 inc/uart_tri_1.o
                0x000016ba                uart1_put_data
 .text.uart1_set_baud
                0x00001742       0x70 inc/uart_tri_1.o
                0x00001742                uart1_set_baud
 .text.__vector_16
                0x000017b2       0x1e LIC_ZM.o
                0x000017b2                __vector_16
 .text.__vector_17
                0x000017d0       0x1e LIC_ZM.o
                0x000017d0                __vector_17
 .text.__vector_18
                0x000017ee       0x1e LIC_ZM.o
                0x000017ee                __vector_18
 .text.process_timer_100Hz
                0x0000180c       0x16 LIC_ZM.o
                0x0000180c                process_timer_100Hz
 .text.init     0x00001822       0x38 LIC_ZM.o
                0x00001822                init
 .text.main     0x0000185a       0x26 LIC_ZM.o
                0x0000185a                main
 .text.libgcc.div
                0x00001880       0x28 c:/program files (x86)/atmel/studio/7.0/toolchain/avr8/avr8-gnu-toolchain/bin/../lib/gcc/avr/4.9.2/avr5\libgcc.a(_udivmodhi4.o)
                0x00001880                __udivmodhi4
 .text.libgcc   0x000018a8        0xc c:/program files (x86)/atmel/studio/7.0/toolchain/avr8/avr8-gnu-toolchain/bin/../lib/gcc/avr/4.9.2/avr5\libgcc.a(_tablejump2.o)
                0x000018a8                __tablejump2__
 .text.avr-libc
                0x000018b4       0x20 C:/Program Files (x86)/Atmel/Studio/7.0/Packs/atmel/ATmega_DFP/1.0.90/gcc/dev/atmega644p/avr5\libatmega644p.a(eerd_block.o)
                0x000018b4                eeprom_read_block
                0x000018b8                eeprom_read_blraw
 .text.avr-libc
                0x000018d4       0x24 C:/Program Files (x86)/Atmel/Studio/7.0/Packs/atmel/ATmega_DFP/1.0.90/gcc/dev/atmega644p/avr5\libatmega644p.a(eeupd_byte.o)
                0x000018d4                eeprom_update_byte
                0x000018d6                eeprom_update_r18
 .text.avr-libc
                0x000018f8       0x14 C:/Program Files (x86)/Atmel/Studio/7.0/Packs/atmel/ATmega_DFP/1.0.90/gcc/dev/atmega644p/avr5\libatmega644p.a(eewr_block.o)
                0x000018f8                eeprom_write_block
 .text.avr-libc
                0x0000190c       0x1c C:/Program Files (x86)/Atmel/Studio/7.0/Packs/atmel/ATmega_DFP/1.0.90/gcc/dev/atmega644p/avr5\libatmega644p.a(eewr_byte.o)
                0x0000190c                eeprom_write_byte
                0x0000190e                eeprom_write_r18
                0x00001928                . = ALIGN (0x2)
 *(.fini9)
 .fini9         0x00001928        0x0 c:/program files (x86)/atmel/studio/7.0/toolchain/avr8/avr8-gnu-toolchain/bin/../lib/gcc/avr/4.9.2/avr5\libgcc.a(_exit.o)
                0x00001928                _exit
                0x00001928                exit
 *(.fini9)
 *(.fini8)
 *(.fini8)
 *(.fini7)
 *(.fini7)
 *(.fini6)
 *(.fini6)
 *(.fini5)
 *(.fini5)
 *(.fini4)
 *(.fini4)
 *(.fini3)
 *(.fini3)
 *(.fini2)
 *(.fini2)
 *(.fini1)
 *(.fini1)
 *(.fini0)
 .fini0         0x00001928        0x4 c:/program files (x86)/atmel/studio/7.0/toolchain/avr8/avr8-gnu-toolchain/bin/../lib/gcc/avr/4.9.2/avr5\libgcc.a(_exit.o)
 *(.fini0)
                0x0000192c                _etext = .

.data           0x00800100        0x0 load address 0x0000192c
                0x00800100                PROVIDE (__data_start, .)
 *(.data)
 *(.data*)
 *(.rodata)
 *(.rodata*)
 *(.gnu.linkonce.d*)
                0x00800100                . = ALIGN (0x2)
                0x00800100                _edata = .
                0x00800100                PROVIDE (__data_end, .)

.bss            0x00800100      0x6f6
                0x00800100                PROVIDE (__bss_start, .)
 *(.bss)
 *(.bss*)
 .bss.uart2_flags
                0x00800100        0x1 inc/extBus.o
                0x00800100                uart2_flags
 .bss.uart2_status
                0x00800101        0x1 inc/extBus.o
                0x00800101                uart2_status
 .bss.uart2_buf_pac_ptr_e
                0x00800102        0x1 inc/extBus.o
                0x00800102                uart2_buf_pac_ptr_e
 .bss.i2cSlaveTransmit
                0x00800103        0x2 inc/i2c.o
 .bss.i2cSlaveReceive
                0x00800105        0x2 inc/i2c.o
 .bss.I2cReceiveDataLength
                0x00800107        0x1 inc/i2c.o
 .bss.I2cReceiveDataIndex
                0x00800108        0x1 inc/i2c.o
 .bss.I2cReceiveData
                0x00800109       0xc8 inc/i2c.o
 .bss.I2cSendDataLength
                0x008001d1        0x1 inc/i2c.o
 .bss.I2cSendDataIndex
                0x008001d2        0x1 inc/i2c.o
 .bss.I2cSendData
                0x008001d3       0xc8 inc/i2c.o
 .bss.I2cDeviceAddrRW
                0x0080029b        0x1 inc/i2c.o
 .bss.I2cLastError
                0x0080029c        0x1 inc/i2c.o
 .bss.I2cState  0x0080029d        0x1 inc/i2c.o
 .bss.Dcount    0x0080029e        0x1 inc/packet_processor.o
                0x0080029e                Dcount
 .bss.TB_Callback_setBaud
                0x0080029f        0x2 inc/Tribus.o
                0x0080029f                TB_Callback_setBaud
 .bss.TB_send_flag
                0x008002a1        0x1 inc/Tribus.o
                0x008002a1                TB_send_flag
 .bss.uart0_rx_timeout_flag.1635
                0x008002a2        0x1 inc/uart_tri_0.o
 .bss.uart0_flags
                0x008002a3        0x1 inc/uart_tri_0.o
                0x008002a3                uart0_flags
 .bss.uart0_status
                0x008002a4        0x1 inc/uart_tri_0.o
                0x008002a4                uart0_status
 .bss.uart0_rx_timeout
                0x008002a5        0x1 inc/uart_tri_0.o
                0x008002a5                uart0_rx_timeout
 .bss.uart0_buf_pac_rx_ptr_e
                0x008002a6        0x1 inc/uart_tri_0.o
                0x008002a6                uart0_buf_pac_rx_ptr_e
 .bss.uart0_buf_pac_rx_ptr_b
                0x008002a7        0x1 inc/uart_tri_0.o
                0x008002a7                uart0_buf_pac_rx_ptr_b
 .bss.uart0_buf_pac_tx_ptr_e
                0x008002a8        0x1 inc/uart_tri_0.o
                0x008002a8                uart0_buf_pac_tx_ptr_e
 .bss.uart0_buf_pac_tx_ptr_b
                0x008002a9        0x1 inc/uart_tri_0.o
                0x008002a9                uart0_buf_pac_tx_ptr_b
 .bss.uart0_buf_tx_ptr
                0x008002aa        0x1 inc/uart_tri_0.o
                0x008002aa                uart0_buf_tx_ptr
 .bss.uart0_buf_rx_ptr_e
                0x008002ab        0x1 inc/uart_tri_0.o
                0x008002ab                uart0_buf_rx_ptr_e
 .bss.uart0_buf_rx_ptr_b
                0x008002ac        0x1 inc/uart_tri_0.o
                0x008002ac                uart0_buf_rx_ptr_b
 .bss.uart1_flags_buferr
                0x008002ad        0x1 inc/uart_tri_1.o
                0x008002ad                uart1_flags_buferr
 .bss.uart1_flags
                0x008002ae        0x1 inc/uart_tri_1.o
                0x008002ae                uart1_flags
 .bss.uart1_status
                0x008002af        0x1 inc/uart_tri_1.o
                0x008002af                uart1_status
 .bss.uart1_tx_timeout
                0x008002b0        0x1 inc/uart_tri_1.o
                0x008002b0                uart1_tx_timeout
 .bss.uart1_rx_timeout
                0x008002b1        0x1 inc/uart_tri_1.o
                0x008002b1                uart1_rx_timeout
 .bss.uart1_buf_pac_rx_ptr_e
                0x008002b2        0x1 inc/uart_tri_1.o
                0x008002b2                uart1_buf_pac_rx_ptr_e
 .bss.uart1_buf_pac_rx_ptr_b
                0x008002b3        0x1 inc/uart_tri_1.o
                0x008002b3                uart1_buf_pac_rx_ptr_b
 .bss.uart1_buf_pac_tx_ptr_e
                0x008002b4        0x1 inc/uart_tri_1.o
                0x008002b4                uart1_buf_pac_tx_ptr_e
 .bss.uart1_buf_pac_tx_ptr_b
                0x008002b5        0x1 inc/uart_tri_1.o
                0x008002b5                uart1_buf_pac_tx_ptr_b
 .bss.uart1_buf_tx_ptr
                0x008002b6        0x1 inc/uart_tri_1.o
                0x008002b6                uart1_buf_tx_ptr
 .bss.uart1_buf_rx_ptr_e
                0x008002b7        0x1 inc/uart_tri_1.o
                0x008002b7                uart1_buf_rx_ptr_e
 .bss.uart1_buf_rx_ptr_b
                0x008002b8        0x1 inc/uart_tri_1.o
                0x008002b8                uart1_buf_rx_ptr_b
 .bss.timer0_flag
                0x008002b9        0x1 LIC_ZM.o
                0x008002b9                timer0_flag
 *(COMMON)
 COMMON         0x008002ba        0x2 inc/adc.o
                0x008002ba                adc_data
 COMMON         0x008002bc       0xcd inc/extBus.o
                0x008002bc                ext_buffer
                0x008002c6                dbg
                0x008002c7                uart2_buf_pac_rx
                0x008002d0                uart2_buf_tx
                0x008002d9                uart2_buf_rx
                0x008002f9                uart2_buf_pac_tx
 COMMON         0x00800389        0x9 inc/module_ZM.o
                0x00800389                debug_buf
 COMMON         0x00800392       0x14 inc/packet_processor.o
                0x00800392                pp_buf_dev
                0x0080039b                pp_f_fromdev
                0x0080039c                pp_buf_pc
                0x008003a5                pp_f_frompc
 COMMON         0x008003a6       0x3e inc/Tribus.o
                0x008003a6                TB_out
                0x008003a7                TB_param
                0x008003c4                TB_Value
                0x008003c8                TB_bufOut
                0x008003d1                TB_gbparam
                0x008003d6                TB_inp
                0x008003d7                TB_AddrModule
                0x008003d8                TB_bufIn
                0x008003e1                addr_setting_in_eeprom
                0x008003e3                TB_AddrReply
 COMMON         0x008003e4      0x2c9 inc/uart_tri_0.o
                0x008003e4                uart0_buf_tx
                0x008003ed                uart0_buf_pac_rx
                0x0080050d                uart0_buf_rx
                0x0080058d                uart0_buf_pac_tx
 COMMON         0x008006ad      0x149 inc/uart_tri_1.o
                0x008006ad                uart1_buf_tx
                0x008006b6                uart1_buf_pac_tx
                0x00800746                uart1_buf_pac_rx
                0x008007d6                uart1_buf_rx
                0x008007f6                PROVIDE (__bss_end, .)
                0x0000192c                __data_load_start = LOADADDR (.data)
                0x0000192c                __data_load_end = (__data_load_start + SIZEOF (.data))

.noinit         0x008007f6        0x0
                0x008007f6                PROVIDE (__noinit_start, .)
 *(.noinit*)
                0x008007f6                PROVIDE (__noinit_end, .)
                0x008007f6                _end = .
                0x008007f6                PROVIDE (__heap_start, .)

.eeprom         0x00810000        0x0
 *(.eeprom*)
                0x00810000                __eeprom_end = .

.fuse
 *(.fuse)
 *(.lfuse)
 *(.hfuse)
 *(.efuse)

.lock
 *(.lock*)

.signature
 *(.signature*)

.user_signatures
 *(.user_signatures*)

.stab
 *(.stab)

.stabstr
 *(.stabstr)

.stab.excl
 *(.stab.excl)

.stab.exclstr
 *(.stab.exclstr)

.stab.index
 *(.stab.index)

.stab.indexstr
 *(.stab.indexstr)

.comment        0x00000000       0x30
 *(.comment)
 .comment       0x00000000       0x30 inc/adc.o
                                 0x31 (size before relaxing)
 .comment       0x00000030       0x31 inc/extBus.o
 .comment       0x00000030       0x31 inc/i2c.o
 .comment       0x00000030       0x31 inc/module_ZM.o
 .comment       0x00000030       0x31 inc/packet_processor.o
 .comment       0x00000030       0x31 inc/timer.o
 .comment       0x00000030       0x31 inc/Tribus.o
 .comment       0x00000030       0x31 inc/uart_tri_0.o
 .comment       0x00000030       0x31 inc/uart_tri_1.o
 .comment       0x00000030       0x31 LIC_ZM.o

.note.gnu.avr.deviceinfo
                0x00000000       0x40
 .note.gnu.avr.deviceinfo
                0x00000000       0x40 C:/Program Files (x86)/Atmel/Studio/7.0/Packs/atmel/ATmega_DFP/1.0.90/gcc/dev/atmega644p/avr5/crtatmega644p.o

.note.gnu.build-id
 *(.note.gnu.build-id)

.debug
 *(.debug)

.line
 *(.line)

.debug_srcinfo
 *(.debug_srcinfo)

.debug_sfnames
 *(.debug_sfnames)

.debug_aranges  0x00000000      0x3a8
 *(.debug_aranges)
 .debug_aranges
                0x00000000       0x38 inc/adc.o
 .debug_aranges
                0x00000038       0x70 inc/extBus.o
 .debug_aranges
                0x000000a8       0xb0 inc/i2c.o
 .debug_aranges
                0x00000158       0x28 inc/module_ZM.o
 .debug_aranges
                0x00000180       0x58 inc/packet_processor.o
 .debug_aranges
                0x000001d8       0x20 inc/timer.o
 .debug_aranges
                0x000001f8       0x48 inc/Tribus.o
 .debug_aranges
                0x00000240       0x90 inc/uart_tri_0.o
 .debug_aranges
                0x000002d0       0x90 inc/uart_tri_1.o
 .debug_aranges
                0x00000360       0x48 LIC_ZM.o

.debug_pubnames
 *(.debug_pubnames)

.debug_info     0x00000000     0x36bf
 *(.debug_info .gnu.linkonce.wi.*)
 .debug_info    0x00000000      0x190 inc/adc.o
 .debug_info    0x00000190      0x876 inc/extBus.o
 .debug_info    0x00000a06      0x85a inc/i2c.o
 .debug_info    0x00001260      0x31c inc/module_ZM.o
 .debug_info    0x0000157c      0x507 inc/packet_processor.o
 .debug_info    0x00001a83       0x83 inc/timer.o
 .debug_info    0x00001b06      0x9c5 inc/Tribus.o
 .debug_info    0x000024cb      0x6b9 inc/uart_tri_0.o
 .debug_info    0x00002b84      0x7ec inc/uart_tri_1.o
 .debug_info    0x00003370      0x34f LIC_ZM.o

.debug_abbrev   0x00000000     0x1213
 *(.debug_abbrev)
 .debug_abbrev  0x00000000       0xfc inc/adc.o
 .debug_abbrev  0x000000fc      0x351 inc/extBus.o
 .debug_abbrev  0x0000044d      0x275 inc/i2c.o
 .debug_abbrev  0x000006c2      0x16f inc/module_ZM.o
 .debug_abbrev  0x00000831      0x189 inc/packet_processor.o
 .debug_abbrev  0x000009ba       0x51 inc/timer.o
 .debug_abbrev  0x00000a0b      0x207 inc/Tribus.o
 .debug_abbrev  0x00000c12      0x24f inc/uart_tri_0.o
 .debug_abbrev  0x00000e61      0x256 inc/uart_tri_1.o
 .debug_abbrev  0x000010b7      0x15c LIC_ZM.o

.debug_line     0x00000000     0x13d0
 *(.debug_line .debug_line.* .debug_line_end)
 .debug_line    0x00000000      0x158 inc/adc.o
 .debug_line    0x00000158      0x2aa inc/extBus.o
 .debug_line    0x00000402      0x34c inc/i2c.o
 .debug_line    0x0000074e       0xd8 inc/module_ZM.o
 .debug_line    0x00000826      0x190 inc/packet_processor.o
 .debug_line    0x000009b6       0xa2 inc/timer.o
 .debug_line    0x00000a58      0x2f8 inc/Tribus.o
 .debug_line    0x00000d50      0x258 inc/uart_tri_0.o
 .debug_line    0x00000fa8      0x29e inc/uart_tri_1.o
 .debug_line    0x00001246      0x18a LIC_ZM.o

.debug_frame    0x00000000      0x8a0
 *(.debug_frame)
 .debug_frame   0x00000000       0x54 inc/adc.o
 .debug_frame   0x00000054       0xf4 inc/extBus.o
 .debug_frame   0x00000148      0x1a4 inc/i2c.o
 .debug_frame   0x000002ec       0x34 inc/module_ZM.o
 .debug_frame   0x00000320       0x94 inc/packet_processor.o
 .debug_frame   0x000003b4       0x24 inc/timer.o
 .debug_frame   0x000003d8       0x9c inc/Tribus.o
 .debug_frame   0x00000474      0x1b8 inc/uart_tri_0.o
 .debug_frame   0x0000062c      0x1d0 inc/uart_tri_1.o
 .debug_frame   0x000007fc       0xa4 LIC_ZM.o

.debug_str      0x00000000      0xfb7
 *(.debug_str)
 .debug_str     0x00000000      0x1ad inc/adc.o
                                0x1eb (size before relaxing)
 .debug_str     0x000001ad      0x2ec inc/extBus.o
                                0x48c (size before relaxing)
 .debug_str     0x00000499      0x261 inc/i2c.o
                                0x466 (size before relaxing)
 .debug_str     0x000006fa       0x9c inc/module_ZM.o
                                0x229 (size before relaxing)
 .debug_str     0x00000796      0x14e inc/packet_processor.o
                                0x31b (size before relaxing)
 .debug_str     0x000008e4       0x1a inc/timer.o
                                0x168 (size before relaxing)
 .debug_str     0x000008fe      0x184 inc/Tribus.o
                                0x350 (size before relaxing)
 .debug_str     0x00000a82      0x204 inc/uart_tri_0.o
                                0x420 (size before relaxing)
 .debug_str     0x00000c86      0x2c5 inc/uart_tri_1.o
                                0x50f (size before relaxing)
 .debug_str     0x00000f4b       0x6c LIC_ZM.o
                                0x277 (size before relaxing)

.debug_loc      0x00000000     0x1a4a
 *(.debug_loc)
 .debug_loc     0x00000000       0x21 inc/adc.o
 .debug_loc     0x00000021      0x31b inc/extBus.o
 .debug_loc     0x0000033c      0x6db inc/i2c.o
 .debug_loc     0x00000a17      0x1ec inc/packet_processor.o
 .debug_loc     0x00000c03      0x1a0 inc/Tribus.o
 .debug_loc     0x00000da3      0x5af inc/uart_tri_0.o
 .debug_loc     0x00001352      0x644 inc/uart_tri_1.o
 .debug_loc     0x00001996       0xb4 LIC_ZM.o

.debug_macinfo
 *(.debug_macinfo)

.debug_weaknames
 *(.debug_weaknames)

.debug_funcnames
 *(.debug_funcnames)

.debug_typenames
 *(.debug_typenames)

.debug_varnames
 *(.debug_varnames)

.debug_pubtypes
 *(.debug_pubtypes)

.debug_ranges   0x00000000      0x350
 *(.debug_ranges)
 .debug_ranges  0x00000000       0x28 inc/adc.o
 .debug_ranges  0x00000028       0x60 inc/extBus.o
 .debug_ranges  0x00000088       0xe8 inc/i2c.o
 .debug_ranges  0x00000170       0x18 inc/module_ZM.o
 .debug_ranges  0x00000188       0x48 inc/packet_processor.o
 .debug_ranges  0x000001d0       0x10 inc/timer.o
 .debug_ranges  0x000001e0       0x38 inc/Tribus.o
 .debug_ranges  0x00000218       0x80 inc/uart_tri_0.o
 .debug_ranges  0x00000298       0x80 inc/uart_tri_1.o
 .debug_ranges  0x00000318       0x38 LIC_ZM.o

.debug_macro
 *(.debug_macro)
OUTPUT(F-00002.elf elf32-avr)
LOAD linker stubs
